2026-05-20 19:58:42,384 [WARNING] discord.client: PyNaCl is not installed, voice will NOT be supported
2026-05-20 19:58:42,384 [WARNING] discord.client: davey is not installed, voice will NOT be supported
2026-05-20 19:58:42,390 [INFO] discord.client: logging in using static token
2026-05-20 19:58:43,873 [INFO] discord.gateway: Shard ID None has connected to Gateway (Session ID: 16e45c3fbae23cf75a54f06d8b92cf9e).
2026-05-20 19:58:46,009 [INFO] HellFrameQuant: Online: SaaS bot#3266
2026-05-20 19:58:46,035 [INFO] werkzeug: [31m[1mWARNING: This is a development server. Do not use it in a production deployment. Use a production WSGI server instead.[0m
 * Running on all addresses (0.0.0.0)
 * Running on http://127.0.0.1:8080
 * Running on http://192.168.1.79:8080
2026-05-20 19:58:46,035 [INFO] werkzeug: [33mPress CTRL+C to quit[0m
2026-05-20 19:59:18,345 [WARNING] discord.client: PyNaCl is not installed, voice will NOT be supported
2026-05-20 19:59:18,345 [WARNING] discord.client: davey is not installed, voice will NOT be supported
2026-05-20 19:59:18,348 [INFO] discord.client: logging in using static token
2026-05-20 19:59:20,176 [INFO] discord.gateway: Shard ID None has connected to Gateway (Session ID: 1d042b8b030457673afa2642bf3ab3da).
2026-05-20 19:59:22,177 [INFO] HellFrameQuant: Online: SaaS bot#3266
2026-05-20 19:59:22,190 [INFO] werkzeug: [31m[1mWARNING: This is a development server. Do not use it in a production deployment. Use a production WSGI server instead.[0m
 * Running on all addresses (0.0.0.0)
 * Running on http://127.0.0.1:8080
 * Running on http://192.168.1.79:8080
2026-05-20 19:59:22,190 [INFO] werkzeug: [33mPress CTRL+C to quit[0m
2026-05-20 20:05:29,433 [ERROR] discord.ext.commands.bot: Ignoring exception in command None
discord.ext.commands.errors.CommandNotFound: Command "info" is not found
2026-05-20 20:05:35,495 [ERROR] discord.ext.commands.bot: Ignoring exception in command None
discord.ext.commands.errors.CommandNotFound: Command "mystatus" is not found
2026-05-20 20:15:31,424 [WARNING] discord.client: PyNaCl is not installed, voice will NOT be supported
2026-05-20 20:15:31,424 [WARNING] discord.client: davey is not installed, voice will NOT be supported
2026-05-20 20:15:31,428 [INFO] discord.client: logging in using static token
2026-05-20 20:15:32,720 [INFO] discord.gateway: Shard ID None has connected to Gateway (Session ID: d814957f005ee85c2b411d8696aff6ac).
2026-05-20 20:15:34,729 [INFO] HellFrameQuant: Online: SaaS bot#3266
2026-05-20 20:15:34,886 [INFO] werkzeug: [31m[1mWARNING: This is a development server. Do not use it in a production deployment. Use a production WSGI server instead.[0m
 * Running on all addresses (0.0.0.0)
 * Running on http://127.0.0.1:8080
 * Running on http://192.168.1.79:8080
2026-05-20 20:15:34,901 [INFO] werkzeug: [33mPress CTRL+C to quit[0m
2026-05-20 20:21:19,010 [ERROR] discord.ext.commands.bot: Ignoring exception in command None
discord.ext.commands.errors.CommandNotFound: Command "daily" is not found
2026-05-20 20:22:32,793 [ERROR] discord.ext.commands.bot: Ignoring exception in command None
discord.ext.commands.errors.CommandNotFound: Command "SbscriBe" is not found
2026-05-20 20:22:55,141 [INFO] stripe: message='Request to Stripe api' method=post url=https://api.stripe.com/v1/checkout/sessions
2026-05-20 20:22:55,787 [INFO] stripe: message='Stripe API response' path=https://api.stripe.com/v1/checkout/sessions response_code=401
2026-05-20 20:22:55,787 [INFO] stripe: error_code=None error_message='Invalid API Key provided: sk_live_*****************xxxx' error_param=None error_type=invalid_request_error message='Stripe v1 API error received'
2026-05-20 20:22:55,787 [ERROR] HellFrameQuant: Stripe session error: Invalid API Key provided: sk_live_*****************xxxx
2026-05-20 20:31:26,894 [ERROR] discord.ext.commands.bot: Ignoring exception in command None
discord.ext.commands.errors.CommandNotFound: Command "analyze" is not found
2026-05-20 20:32:49,991 [INFO] stripe: message='Request to Stripe api' method=post url=https://api.stripe.com/v1/checkout/sessions
2026-05-20 20:32:50,588 [INFO] stripe: message='Stripe API response' path=https://api.stripe.com/v1/checkout/sessions response_code=401
2026-05-20 20:32:50,588 [INFO] stripe: error_code=None error_message='Invalid API Key provided: sk_live_*****************xxxx' error_param=None error_type=invalid_request_error message='Stripe v1 API error received'
2026-05-20 20:32:50,588 [ERROR] HellFrameQuant: Stripe session error: Invalid API Key provided: sk_live_*****************xxxx
2026-05-20 20:42:48,820 [WARNING] discord.client: PyNaCl is not installed, voice will NOT be supported
2026-05-20 20:42:48,821 [WARNING] discord.client: davey is not installed, voice will NOT be supported
2026-05-20 20:42:48,824 [INFO] discord.client: logging in using static token
2026-05-20 20:42:50,258 [INFO] discord.gateway: Shard ID None has connected to Gateway (Session ID: afbb2d2555983a72c5fd45fa697be96d).
2026-05-20 20:42:52,276 [INFO] HellFrameQuant: Online: SaaS bot#3266
2026-05-20 20:42:52,285 [INFO] werkzeug: [31m[1mWARNING: This is a development server. Do not use it in a production deployment. Use a production WSGI server instead.[0m
 * Running on all addresses (0.0.0.0)
 * Running on http://127.0.0.1:8080
 * Running on http://192.168.1.79:8080
2026-05-20 20:42:52,286 [INFO] werkzeug: [33mPress CTRL+C to quit[0m
2026-05-20 20:43:51,714 [ERROR] discord.ext.commands.bot: Ignoring exception in command None
discord.ext.commands.errors.CommandNotFound: Command "addassets" is not found
2026-05-20 20:44:10,513 [ERROR] discord.ext.commands.bot: Ignoring exception in command addasset
Traceback (most recent call last):
  File "C:\Users\Acer\AppData\Local\Programs\Python\Python313\Lib\site-packages\discord\ext\commands\bot.py", line 1376, in invoke
    await ctx.command.invoke(ctx)
  File "C:\Users\Acer\AppData\Local\Programs\Python\Python313\Lib\site-packages\discord\ext\commands\core.py", line 1056, in invoke
    await self.prepare(ctx)
  File "C:\Users\Acer\AppData\Local\Programs\Python\Python313\Lib\site-packages\discord\ext\commands\core.py", line 973, in prepare
    await self._parse_arguments(ctx)
  File "C:\Users\Acer\AppData\Local\Programs\Python\Python313\Lib\site-packages\discord\ext\commands\core.py", line 888, in _parse_arguments
    kwargs[name] = await self.transform(ctx, param, attachments)
                   ^^^^^^^^^^^^^^^^^^^^^^^^^^^^^^^^^^^^^^^^^^^^^
  File "C:\Users\Acer\AppData\Local\Programs\Python\Python313\Lib\site-packages\discord\ext\commands\core.py", line 732, in transform
    raise MissingRequiredArgument(param)
discord.ext.commands.errors.MissingRequiredArgument: t is a required argument that is missing.
2026-05-20 20:44:28,129 [ERROR] discord.ext.commands.bot: Ignoring exception in command addasset
Traceback (most recent call last):
  File "C:\Users\Acer\AppData\Local\Programs\Python\Python313\Lib\site-packages\discord\ext\commands\bot.py", line 1376, in invoke
    await ctx.command.invoke(ctx)
  File "C:\Users\Acer\AppData\Local\Programs\Python\Python313\Lib\site-packages\discord\ext\commands\core.py", line 1056, in invoke
    await self.prepare(ctx)
  File "C:\Users\Acer\AppData\Local\Programs\Python\Python313\Lib\site-packages\discord\ext\commands\core.py", line 973, in prepare
    await self._parse_arguments(ctx)
  File "C:\Users\Acer\AppData\Local\Programs\Python\Python313\Lib\site-packages\discord\ext\commands\core.py", line 888, in _parse_arguments
    kwargs[name] = await self.transform(ctx, param, attachments)
                   ^^^^^^^^^^^^^^^^^^^^^^^^^^^^^^^^^^^^^^^^^^^^^
  File "C:\Users\Acer\AppData\Local\Programs\Python\Python313\Lib\site-packages\discord\ext\commands\core.py", line 732, in transform
    raise MissingRequiredArgument(param)
discord.ext.commands.errors.MissingRequiredArgument: t is a required argument that is missing.
2026-05-20 20:44:54,088 [ERROR] discord.ext.commands.bot: Ignoring exception in command addinterval
Traceback (most recent call last):
  File "C:\Users\Acer\AppData\Local\Programs\Python\Python313\Lib\site-packages\discord\ext\commands\bot.py", line 1376, in invoke
    await ctx.command.invoke(ctx)
  File "C:\Users\Acer\AppData\Local\Programs\Python\Python313\Lib\site-packages\discord\ext\commands\core.py", line 1056, in invoke
    await self.prepare(ctx)
  File "C:\Users\Acer\AppData\Local\Programs\Python\Python313\Lib\site-packages\discord\ext\commands\core.py", line 973, in prepare
    await self._parse_arguments(ctx)
  File "C:\Users\Acer\AppData\Local\Programs\Python\Python313\Lib\site-packages\discord\ext\commands\core.py", line 880, in _parse_arguments
    transformed = await self.transform(ctx, param, attachments)
                  ^^^^^^^^^^^^^^^^^^^^^^^^^^^^^^^^^^^^^^^^^^^^^
  File "C:\Users\Acer\AppData\Local\Programs\Python\Python313\Lib\site-packages\discord\ext\commands\core.py", line 732, in transform
    raise MissingRequiredArgument(param)
discord.ext.commands.errors.MissingRequiredArgument: ticker is a required argument that is missing.
2026-05-20 20:56:32,969 [WARNING] discord.client: PyNaCl is not installed, voice will NOT be supported
2026-05-20 20:56:32,970 [WARNING] discord.client: davey is not installed, voice will NOT be supported
2026-05-20 21:05:31,585 [WARNING] discord.client: PyNaCl is not installed, voice will NOT be supported
2026-05-20 21:05:31,587 [WARNING] discord.client: davey is not installed, voice will NOT be supported
2026-05-20 21:05:31,590 [INFO] discord.client: logging in using static token
2026-05-20 21:05:33,131 [INFO] discord.gateway: Shard ID None has connected to Gateway (Session ID: 7e2a9a3100ce30238b939a0f4ef4b682).
2026-05-20 21:05:35,142 [INFO] HellFrameQuant: Online: SaaS bot#3266
2026-05-20 21:05:35,161 [INFO] werkzeug: [31m[1mWARNING: This is a development server. Do not use it in a production deployment. Use a production WSGI server instead.[0m
 * Running on all addresses (0.0.0.0)
 * Running on http://127.0.0.1:8080
 * Running on http://192.168.1.79:8080
2026-05-20 21:05:35,162 [INFO] werkzeug: [33mPress CTRL+C to quit[0m
2026-05-20 21:05:50,248 [ERROR] HellFrameQuant: Command error: t is a required argument that is missing.
2026-05-20 21:06:22,166 [ERROR] HellFrameQuant: Command error: ticker is a required argument that is missing.
2026-05-20 21:06:33,378 [ERROR] HellFrameQuant: Command error: t is a required argument that is missing.
2026-05-20 21:07:04,111 [ERROR] yfinance: $TL: possibly delisted; no price data found  (period=5d)
2026-05-20 21:07:04,114 [ERROR] yfinance: 
1 Failed download:
2026-05-20 21:07:04,114 [ERROR] yfinance: ['TL']: possibly delisted; no price data found  (period=5d)
2026-05-20 21:07:04,119 [ERROR] HellFrameQuant: Command error: Command raised an exception: AttributeError: 'str' object has no attribute 'to_dict'
2026-05-20 21:08:02,765 [ERROR] HellFrameQuant: Command error: Command raised an exception: AttributeError: 'str' object has no attribute 'to_dict'
2026-05-20 21:22:31,972 [WARNING] discord.client: PyNaCl is not installed, voice will NOT be supported
2026-05-20 21:22:31,972 [WARNING] discord.client: davey is not installed, voice will NOT be supported
2026-05-20 21:22:31,975 [INFO] discord.client: logging in using static token
2026-05-20 21:22:33,441 [INFO] discord.gateway: Shard ID None has connected to Gateway (Session ID: 52fb8b02681467437b4ccbcf2d3c4766).
2026-05-20 21:22:35,452 [INFO] HellFrameQuant: Online: SaaS bot#3266
2026-05-20 21:22:35,478 [INFO] werkzeug: [31m[1mWARNING: This is a development server. Do not use it in a production deployment. Use a production WSGI server instead.[0m
 * Running on all addresses (0.0.0.0)
 * Running on http://127.0.0.1:8080
 * Running on http://192.168.1.79:8080
2026-05-20 21:22:35,479 [INFO] werkzeug: [33mPress CTRL+C to quit[0m
2026-05-20 21:36:13,673 [WARNING] discord.client: PyNaCl is not installed, voice will NOT be supported
2026-05-20 21:36:13,673 [WARNING] discord.client: davey is not installed, voice will NOT be supported
2026-05-20 21:36:13,676 [INFO] discord.client: logging in using static token
2026-05-20 21:36:15,024 [INFO] discord.gateway: Shard ID None has connected to Gateway (Session ID: 40b2690c60e41ffa9fdfda8e6368f6cf).
2026-05-20 21:36:17,035 [INFO] HellFrameQuant: Online: SaaS bot#3266
2026-05-20 21:36:17,048 [INFO] werkzeug: [31m[1mWARNING: This is a development server. Do not use it in a production deployment. Use a production WSGI server instead.[0m
 * Running on all addresses (0.0.0.0)
 * Running on http://127.0.0.1:8080
 * Running on http://192.168.1.79:8080
2026-05-20 21:36:17,048 [INFO] werkzeug: [33mPress CTRL+C to quit[0m
2026-05-20 21:38:04,884 [INFO] stripe: message='Request to Stripe api' method=post url=https://api.stripe.com/v1/checkout/sessions
2026-05-20 21:38:05,489 [INFO] stripe: message='Stripe API response' path=https://api.stripe.com/v1/checkout/sessions response_code=401
2026-05-20 21:38:05,489 [INFO] stripe: error_code=None error_message='Invalid API Key provided: sk_live_*****************xxxx' error_param=None error_type=invalid_request_error message='Stripe v1 API error received'
2026-05-20 21:38:05,489 [ERROR] HellFrameQuant: Stripe session error: Invalid API Key provided: sk_live_*****************xxxx
2026-05-20 21:38:30,233 [INFO] stripe: message='Request to Stripe api' method=post url=https://api.stripe.com/v1/checkout/sessions
2026-05-20 21:38:30,329 [INFO] stripe: message='Stripe API response' path=https://api.stripe.com/v1/checkout/sessions response_code=401
2026-05-20 21:38:30,329 [INFO] stripe: error_code=None error_message='Invalid API Key provided: sk_live_*****************xxxx' error_param=None error_type=invalid_request_error message='Stripe v1 API error received'
2026-05-20 21:38:30,329 [ERROR] HellFrameQuant: Stripe session error: Invalid API Key provided: sk_live_*****************xxxx
